2026/09/27 16:00:20 publicadas 99997 líneas (19998 ev/s)
2026/09/27 16:00:25 publicadas 200024 líneas (19999 ev/s)
2026/09/27 16:00:30 publicadas 300036 líneas (19999 ev/s)
2026/09/27 16:00:35 publicadas 400056 líneas (20000 ev/s)
2026/09/27 16:00:40 publicadas 500076 líneas (20000 ev/s)
2026/09/27 16:00:45 publicadas 600070 líneas (20000 ev/s)
2026/09/27 16:00:50 publicadas 700101 líneas (20000 ev/s)
2026/09/27 16:00:55 publicadas 800129 líneas (20000 ev/s)
2026/09/27 16:01:00 publicadas 900147 líneas (20000 ev/s)
2026/09/27 16:01:05 publicadas 1000175 líneas (19999 ev/s)
2026/09/27 16:01:10 publicadas 1100203 líneas (20000 ev/s)
2026/09/27 16:01:15 publicadas 1200216 líneas (20000 ev/s)
2026/09/27 16:01:20 publicadas 1300234 líneas (20000 ev/s)
2026/09/27 16:01:25 publicadas 1400261 líneas (20000 ev/s)
2026/09/27 16:01:30 publicadas 1500276 líneas (20000 ev/s)
2026/09/27 16:01:35 publicadas 1600292 líneas (20000 ev/s)
2026/09/27 16:01:40 publicadas 1700307 líneas (20000 ev/s)
2026/09/27 16:01:45 publicadas 1800332 líneas (20000 ev/s)
2026/09/27 16:01:50 publicadas 1900351 líneas (20000 ev/s)
2026/09/27 16:01:55 publicadas 2000381 líneas (20000 ev/s)
2026/09/27 16:02:00 publicadas 2100403 líneas (20000 ev/s)
2026/09/27 16:02:05 publicadas 2200401 líneas (20000 ev/s)
2026/09/27 16:02:10 publicadas 2300430 líneas (20000 ev/s)
2026/09/27 16:02:15 publicadas 2400450 líneas (20000 ev/s)
2026/09/27 16:02:20 publicadas 2500466 líneas (20000 ev/s)
2026/09/27 16:02:25 publicadas 2600485 líneas (20000 ev/s)
2026/09/27 16:02:30 publicadas 2700502 líneas (20000 ev/s)
2026/09/27 16:02:35 publicadas 2800528 líneas (20000 ev/s)
2026/09/27 16:02:40 publicadas 2900554 líneas (20000 ev/s)
2026/09/27 16:02:45 publicadas 3000572 líneas (20000 ev/s)
2026/09/27 16:02:50 publicadas 3100577 líneas (20000 ev/s)

=== PRODUCTOR ===
líneas publicadas:      3126750
PubAck confirmados:     3126751 (incluye EOF)
reintentos del prod.:   0
descartados por broker: 0 (Nats-Msg-Id repetido = reintento del productor)
fallidos definitivos:   0
tiempo:                 2m36.338s
throughput publicación: 20000 ev/s
