2026/09/27 16:02:52 consumidor listo (shards=8, ventana=5m0s/10 gen, retención garantizada=4m30s); esperando eventos...
2026/09/27 16:02:57 recibidos=319878 procesados=319878 (63976 ev/s) ventana=306898 llaves heap=25 MiB inválidos=0
2026/09/27 16:03:02 recibidos=648366 procesados=648366 (65698 ev/s) ventana=624769 llaves heap=49 MiB inválidos=0
2026/09/27 16:03:07 recibidos=993622 procesados=993620 (69051 ev/s) ventana=960882 llaves heap=63 MiB inválidos=0
2026/09/27 16:03:12 recibidos=1334845 procesados=1334845 (68245 ev/s) ventana=1291817 llaves heap=105 MiB inválidos=0
2026/09/27 16:03:17 recibidos=1676325 procesados=1676325 (68296 ev/s) ventana=1621845 llaves heap=106 MiB inválidos=0
2026/09/27 16:03:22 recibidos=2016431 procesados=2016431 (68021 ev/s) ventana=1952928 llaves heap=123 MiB inválidos=0
2026/09/27 16:03:27 recibidos=2355437 procesados=2355437 (67801 ev/s) ventana=2282095 llaves heap=209 MiB inválidos=0
2026/09/27 16:03:32 recibidos=2641526 procesados=2641526 (57218 ev/s) ventana=2559554 llaves heap=260 MiB inválidos=0
2026/09/27 16:03:37 recibidos=2966256 procesados=2966256 (64946 ev/s) ventana=2874716 llaves heap=229 MiB inválidos=0

=== CONSUMIDOR: AGREGADO FINAL ===
país      órdenes      órdenes USD        pagos        pagos USD   inventario
MX         240412      14825927.68       204568      12609231.78       163894
AR         240836      14845476.11       204495      12612236.36       163768
CO         238820      14722007.35       203176      12540964.70       162489
CL         239995      14771085.04       203717      12523200.88       162838
PE         239937      14808124.43       203642      12559792.34       162601
TOTAL     1200000      73972620.61      1019598      62845426.06       815590

=== CONTEO ===
líneas esperadas (EOF):     3126750
primeras entregas:          3126750
eventos únicos aplicados:   3035188
duplicados descartados:     91562
re-entregas del broker:     0 (descartadas por la ventana: 0)
inválidos:                  0
acks enviados (AckAll):     5003
retraso de reintentos:      min=2s max=179s media=90.4s fuera de [2,180)s=0

=== RENDIMIENTO ===
throughput consumidor:      66108 ev/s (47.30s, primer recibido -> último aplicado)
throughput end-to-end:      66107 ev/s (47.30s, primer publicado -> último aplicado)
latencia e2e (publicado -> aplicado): p50=4.00ms p95=16.36ms p99=30.30ms max=189.08ms (n=3126750)
heap pico: 380 MiB; ventana final: 3035188 llaves, 0 expulsiones prematuras

=== CHEQUEOS ===
[OK] no_premature_evictions
[OK] no_loss: first_deliveries == expected_lines
[OK] accounting: unique + duplicates + invalid == first_deliveries
[OK] aggregate_total == unique_applied

reporte: results\bench\consumer-20260927-160339.json
heap profile: results\bench\heap-20260927-160339.pb.gz
