2026/09/27 16:04:12 publicadas 100008 líneas (19998 ev/s)
2026/09/27 16:04:17 publicadas 200017 líneas (19999 ev/s)
2026/09/27 16:04:22 publicadas 300036 líneas (20000 ev/s)
2026/09/27 16:04:27 publicadas 400036 líneas (20000 ev/s)
2026/09/27 16:04:32 publicadas 500044 líneas (20000 ev/s)
2026/09/27 16:04:37 publicadas 600071 líneas (20000 ev/s)
2026/09/27 16:04:42 publicadas 700091 líneas (20000 ev/s)
2026/09/27 16:04:47 publicadas 800116 líneas (20000 ev/s)
2026/09/27 16:04:52 publicadas 900145 líneas (20000 ev/s)
2026/09/27 16:04:57 publicadas 1000157 líneas (20000 ev/s)
2026/09/27 16:05:02 publicadas 1100173 líneas (20000 ev/s)
2026/09/27 16:05:07 publicadas 1200175 líneas (20000 ev/s)
2026/09/27 16:05:12 publicadas 1300189 líneas (20000 ev/s)
2026/09/27 16:05:17 publicadas 1400196 líneas (20000 ev/s)
2026/09/27 16:05:22 publicadas 1500204 líneas (20000 ev/s)
2026/09/27 16:05:27 publicadas 1600208 líneas (20000 ev/s)
2026/09/27 16:05:32 publicadas 1700213 líneas (20000 ev/s)
2026/09/27 16:05:37 publicadas 1800221 líneas (20000 ev/s)
2026/09/27 16:05:42 publicadas 1900252 líneas (20000 ev/s)
2026/09/27 16:05:47 publicadas 2000259 líneas (20000 ev/s)
2026/09/27 16:05:52 publicadas 2100272 líneas (20000 ev/s)
2026/09/27 16:05:57 publicadas 2200283 líneas (20000 ev/s)
2026/09/27 16:06:02 publicadas 2300285 líneas (20000 ev/s)
2026/09/27 16:06:07 publicadas 2400316 líneas (20000 ev/s)
2026/09/27 16:06:12 publicadas 2500343 líneas (20000 ev/s)
2026/09/27 16:06:17 publicadas 2600343 líneas (20000 ev/s)
2026/09/27 16:06:22 publicadas 2700355 líneas (20000 ev/s)
2026/09/27 16:06:27 publicadas 2800375 líneas (20000 ev/s)
2026/09/27 16:06:32 publicadas 2900393 líneas (20000 ev/s)
2026/09/27 16:06:37 publicadas 3000392 líneas (20000 ev/s)
2026/09/27 16:06:42 publicadas 3100415 líneas (20000 ev/s)

=== PRODUCTOR ===
líneas publicadas:      3126750
PubAck confirmados:     3126751 (incluye EOF)
reintentos del prod.:   0
descartados por broker: 0 (Nats-Msg-Id repetido = reintento del productor)
fallidos definitivos:   0
tiempo:                 2m36.338s
throughput publicación: 20000 ev/s
