2026/09/27 16:04:07 consumidor listo (shards=8, ventana=20s/10 gen, retención garantizada=18s); esperando eventos...
2026/09/27 16:04:12 recibidos=95861 procesados=95861 (19172 ev/s) ventana=87467 llaves heap=11 MiB inválidos=0
2026/09/27 16:04:17 recibidos=195887 procesados=195887 (20005 ev/s) ventana=184820 llaves heap=17 MiB inválidos=0
2026/09/27 16:04:22 recibidos=295880 procesados=295879 (19998 ev/s) ventana=284035 llaves heap=20 MiB inválidos=0
2026/09/27 16:04:27 recibidos=395874 procesados=395874 (19999 ev/s) ventana=380452 llaves heap=32 MiB inválidos=0
2026/09/27 16:04:32 recibidos=495881 procesados=495881 (20001 ev/s) ventana=365264 llaves heap=31 MiB inválidos=0
2026/09/27 16:04:37 recibidos=595857 procesados=595857 (19995 ev/s) ventana=384052 llaves heap=39 MiB inválidos=0
2026/09/27 16:04:42 recibidos=695893 procesados=695893 (20007 ev/s) ventana=363170 llaves heap=31 MiB inválidos=0
2026/09/27 16:04:47 recibidos=795882 procesados=795882 (19998 ev/s) ventana=384884 llaves heap=37 MiB inválidos=0
2026/09/27 16:04:52 recibidos=895879 procesados=895879 (19999 ev/s) ventana=364972 llaves heap=45 MiB inválidos=0
2026/09/27 16:04:57 recibidos=995886 procesados=995886 (20001 ev/s) ventana=384853 llaves heap=43 MiB inválidos=0
2026/09/27 16:05:02 recibidos=1095881 procesados=1095881 (19999 ev/s) ventana=364846 llaves heap=46 MiB inválidos=0
2026/09/27 16:05:07 recibidos=1195874 procesados=1195874 (19999 ev/s) ventana=385574 llaves heap=48 MiB inválidos=0
2026/09/27 16:05:12 recibidos=1295890 procesados=1295890 (20003 ev/s) ventana=364452 llaves heap=31 MiB inválidos=0
2026/09/27 16:05:17 recibidos=1395886 procesados=1395886 (19999 ev/s) ventana=384084 llaves heap=36 MiB inválidos=0
2026/09/27 16:05:22 recibidos=1495883 procesados=1495883 (19999 ev/s) ventana=362958 llaves heap=38 MiB inválidos=0
2026/09/27 16:05:27 recibidos=1595869 procesados=1595869 (19997 ev/s) ventana=383721 llaves heap=45 MiB inválidos=0
2026/09/27 16:05:32 recibidos=1695879 procesados=1695879 (20002 ev/s) ventana=365776 llaves heap=55 MiB inválidos=0
2026/09/27 16:05:37 recibidos=1795871 procesados=1795870 (19998 ev/s) ventana=384578 llaves heap=46 MiB inválidos=0
2026/09/27 16:05:42 recibidos=1895875 procesados=1895875 (20001 ev/s) ventana=364612 llaves heap=59 MiB inválidos=0
2026/09/27 16:05:47 recibidos=1995885 procesados=1995885 (20002 ev/s) ventana=383357 llaves heap=41 MiB inválidos=0
2026/09/27 16:05:52 recibidos=2095861 procesados=2095861 (19995 ev/s) ventana=365241 llaves heap=54 MiB inválidos=0
2026/09/27 16:05:57 recibidos=2195884 procesados=2195883 (20004 ev/s) ventana=385030 llaves heap=52 MiB inválidos=0
2026/09/27 16:06:02 recibidos=2295885 procesados=2295885 (20000 ev/s) ventana=365974 llaves heap=47 MiB inválidos=0
2026/09/27 16:06:07 recibidos=2395886 procesados=2395886 (20000 ev/s) ventana=384712 llaves heap=63 MiB inválidos=0
2026/09/27 16:06:12 recibidos=2495865 procesados=2495865 (19996 ev/s) ventana=365711 llaves heap=47 MiB inválidos=0
2026/09/27 16:06:17 recibidos=2595877 procesados=2595877 (20002 ev/s) ventana=385481 llaves heap=63 MiB inválidos=0
2026/09/27 16:06:22 recibidos=2695878 procesados=2695877 (20000 ev/s) ventana=365284 llaves heap=47 MiB inválidos=0
2026/09/27 16:06:27 recibidos=2795882 procesados=2795882 (20001 ev/s) ventana=383092 llaves heap=79 MiB inválidos=0
2026/09/27 16:06:32 recibidos=2895879 procesados=2895879 (19999 ev/s) ventana=364959 llaves heap=67 MiB inválidos=0
2026/09/27 16:06:37 recibidos=2995880 procesados=2995880 (20000 ev/s) ventana=384632 llaves heap=52 MiB inválidos=0
2026/09/27 16:06:42 recibidos=3095874 procesados=3095874 (19999 ev/s) ventana=365658 llaves heap=78 MiB inválidos=0

=== CONSUMIDOR: AGREGADO FINAL ===
país      órdenes      órdenes USD        pagos        pagos USD   inventario
MX         240412      14825927.68       204568      12609231.78       163894
AR         240836      14845476.11       204495      12612236.36       163768
CO         238820      14722007.35       203176      12540964.70       162489
CL         239995      14771085.04       203717      12523200.88       162838
PE         239937      14808124.43       203642      12559792.34       162601
TOTAL     1200000      73972620.61      1019598      62845426.06       815590

=== CONTEO ===
líneas esperadas (EOF):     3126750
primeras entregas:          3126750
eventos únicos aplicados:   3035188
duplicados descartados:     91562
re-entregas del broker:     0 (descartadas por la ventana: 0)
inválidos:                  0
acks enviados (AckAll):     15550
retraso de reintentos:      min=2s max=179s media=90.4s fuera de [2,180)s=0

=== RENDIMIENTO ===
throughput consumidor:      20000 ev/s (156.34s, primer recibido -> último aplicado)
throughput end-to-end:      20000 ev/s (156.34s, primer publicado -> último aplicado)
latencia e2e (publicado -> aplicado): p50=0.58ms p95=1.18ms p99=4.28ms max=63.65ms (n=3126750)
heap pico: 81 MiB; ventana final: 360051 llaves, 0 expulsiones prematuras

=== CHEQUEOS ===
[OK] no_premature_evictions
[OK] no_loss: first_deliveries == expected_lines
[OK] accounting: unique + duplicates + invalid == first_deliveries
[OK] aggregate_total == unique_applied

reporte: results\bench\consumer-20260927-160644.json
heap profile: results\bench\heap-20260927-160644.pb.gz
