2026/09/27 17:10:46 ATENCIÓN: -no-dedup activo; los reintentos se cuentan como eventos nuevos y el agregado NO es válido
2026/09/27 17:10:46 consumidor listo (shards=8, ventana=5m0s/10 gen, retención garantizada=4m30s); esperando eventos...
2026/09/27 17:10:51 recibidos=261666 procesados=261666 (52333 ev/s) ventana=0 llaves heap=7 MiB inválidos=0
2026/09/27 17:10:56 recibidos=588656 procesados=588656 (65398 ev/s) ventana=0 llaves heap=12 MiB inválidos=0
2026/09/27 17:11:01 recibidos=923889 procesados=923889 (67047 ev/s) ventana=0 llaves heap=13 MiB inválidos=0
2026/09/27 17:11:06 recibidos=1291208 procesados=1291208 (73464 ev/s) ventana=0 llaves heap=16 MiB inválidos=0
2026/09/27 17:11:11 recibidos=1650497 procesados=1650496 (71858 ev/s) ventana=0 llaves heap=22 MiB inválidos=0
2026/09/27 17:11:16 recibidos=2002181 procesados=2002181 (70337 ev/s) ventana=0 llaves heap=23 MiB inválidos=0
2026/09/27 17:11:21 recibidos=2370781 procesados=2370781 (73720 ev/s) ventana=0 llaves heap=37 MiB inválidos=0
2026/09/27 17:11:26 recibidos=2714685 procesados=2714685 (68781 ev/s) ventana=0 llaves heap=39 MiB inválidos=0
2026/09/27 17:11:31 recibidos=3043877 procesados=3043877 (65838 ev/s) ventana=0 llaves heap=44 MiB inválidos=0

=== CONSUMIDOR: AGREGADO FINAL ===
país      órdenes      órdenes USD        pagos        pagos USD   inventario
MX         247471      15262071.86       210720      12989808.20       168937
AR         248198      15302341.37       210594      12989954.00       168786
CO         246009      15168538.05       209408      12922871.45       167344
CL         247164      15206961.21       209909      12899042.69       167755
PE         247097      15244723.62       209833      12939288.82       167525
TOTAL     1235939      76184636.11      1050464      64740965.16       840347

=== CONTEO ===
líneas esperadas (EOF):     3126750
primeras entregas:          3126750
eventos únicos aplicados:   3126750
duplicados descartados:     0
re-entregas del broker:     0 (descartadas por la ventana: 0)
inválidos:                  0
acks enviados (AckAll):     4965
retraso de reintentos:      min=0s max=0s media=0.0s fuera de [2,180)s=0

=== RENDIMIENTO ===
throughput consumidor:      69148 ev/s (45.22s, primer recibido -> último aplicado)
throughput end-to-end:      69146 ev/s (45.22s, primer publicado -> último aplicado)
latencia e2e (publicado -> aplicado): p50=6.30ms p95=18.06ms p99=31.16ms max=189.60ms (n=3126750)
heap pico: 46 MiB; ventana final: 0 llaves, 0 expulsiones prematuras

=== CHEQUEOS ===
[OK] no_loss: first_deliveries == expected_lines
[OK] accounting: unique + duplicates + invalid == first_deliveries
[OK] aggregate_total == unique_applied
[OK] no_premature_evictions

reporte: results\bench\consumer-20260927-171132.json
heap profile: results\bench\heap-20260927-171132.pb.gz
