2026/09/27 15:58:42 consumidor listo (shards=8, ventana=5m0s/10 gen, retención garantizada=4m30s); esperando eventos...
2026/09/27 15:58:47 recibidos=96132 procesados=96132 (19226 ev/s) ventana=87467 llaves heap=9 MiB inválidos=0
2026/09/27 15:58:52 recibidos=196107 procesados=196107 (19995 ev/s) ventana=185808 llaves heap=16 MiB inválidos=0
2026/09/27 15:58:57 recibidos=296132 procesados=296132 (20005 ev/s) ventana=285034 llaves heap=21 MiB inválidos=0
2026/09/27 15:59:02 recibidos=396106 procesados=396106 (19995 ev/s) ventana=381445 llaves heap=30 MiB inválidos=0
2026/09/27 15:59:07 recibidos=496117 procesados=496117 (20002 ev/s) ventana=477745 llaves heap=39 MiB inválidos=0
2026/09/27 15:59:12 recibidos=596125 procesados=596125 (20002 ev/s) ventana=574145 llaves heap=33 MiB inválidos=0
2026/09/27 15:59:17 recibidos=696135 procesados=696135 (20002 ev/s) ventana=670539 llaves heap=74 MiB inválidos=0
2026/09/27 15:59:22 recibidos=796116 procesados=796116 (19996 ev/s) ventana=768914 llaves heap=55 MiB inválidos=0
2026/09/27 15:59:27 recibidos=896118 procesados=896118 (20000 ev/s) ventana=865389 llaves heap=84 MiB inválidos=0
2026/09/27 15:59:32 recibidos=996106 procesados=996106 (19998 ev/s) ventana=962867 llaves heap=99 MiB inválidos=0

=== CONSUMIDOR: AGREGADO FINAL ===
país      órdenes      órdenes USD        pagos        pagos USD   inventario
MX          76877       4745197.43        65358       4044006.56        52356
AR          76948       4749589.48        65419       4047345.20        52354
CO          76243       4730101.46        64688       4027546.65        51741
CL          76940       4735584.90        65138       4015047.25        52095
PE          76943       4740991.66        65261       4010602.91        52017
TOTAL      383951      23701464.93       325864      20144548.57       260563

=== CONTEO ===
líneas esperadas (EOF):     1000000
primeras entregas:          1000000
eventos únicos aplicados:   970378
duplicados descartados:     29622
re-entregas del broker:     0 (descartadas por la ventana: 0)
inválidos:                  0
acks enviados (AckAll):     5002
retraso de reintentos:      min=2s max=179s media=90.6s fuera de [2,180)s=0

=== RENDIMIENTO ===
throughput consumidor:      20000 ev/s (50.00s, primer recibido -> último aplicado)
throughput end-to-end:      20000 ev/s (50.00s, primer publicado -> último aplicado)
latencia e2e (publicado -> aplicado): p50=0.57ms p95=1.12ms p99=2.08ms max=15.69ms (n=1000000)
heap pico: 99 MiB; ventana final: 970378 llaves, 0 expulsiones prematuras

=== CHEQUEOS ===
[OK] no_premature_evictions
[OK] no_loss: first_deliveries == expected_lines
[OK] accounting: unique + duplicates + invalid == first_deliveries
[OK] aggregate_total == unique_applied

reporte: results\bench\consumer-20260927-155932.json
heap profile: results\bench\heap-20260927-155932.pb.gz
