2026/09/27 15:55:26 publicadas 25002 líneas (4999 ev/s)
2026/09/27 15:55:31 publicadas 50007 líneas (5000 ev/s)
2026/09/27 15:55:36 publicadas 75013 líneas (5000 ev/s)
2026/09/27 15:55:41 publicadas 100014 líneas (5000 ev/s)
2026/09/27 15:55:46 publicadas 125016 líneas (5000 ev/s)
2026/09/27 15:55:51 publicadas 150021 líneas (5000 ev/s)
2026/09/27 15:55:56 publicadas 175027 líneas (5000 ev/s)
2026/09/27 15:56:01 publicadas 200034 líneas (5000 ev/s)
2026/09/27 15:56:06 publicadas 225039 líneas (5000 ev/s)
2026/09/27 15:56:11 publicadas 250046 líneas (5000 ev/s)
2026/09/27 15:56:16 publicadas 275053 líneas (5000 ev/s)
2026/09/27 15:56:21 publicadas 300057 líneas (5000 ev/s)
2026/09/27 15:56:26 publicadas 325062 líneas (5000 ev/s)
2026/09/27 15:56:31 publicadas 350069 líneas (5000 ev/s)
2026/09/27 15:56:36 publicadas 375071 líneas (5000 ev/s)
2026/09/27 15:56:41 publicadas 400078 líneas (5000 ev/s)
2026/09/27 15:56:46 publicadas 425086 líneas (5000 ev/s)
2026/09/27 15:56:51 publicadas 450093 líneas (5000 ev/s)
2026/09/27 15:56:56 publicadas 475099 líneas (5000 ev/s)
2026/09/27 15:57:01 publicadas 500105 líneas (5000 ev/s)
2026/09/27 15:57:06 publicadas 525109 líneas (5000 ev/s)
2026/09/27 15:57:11 publicadas 550112 líneas (5000 ev/s)
2026/09/27 15:57:16 publicadas 575113 líneas (5000 ev/s)
2026/09/27 15:57:21 publicadas 600114 líneas (5000 ev/s)
2026/09/27 15:57:26 publicadas 625121 líneas (5000 ev/s)
2026/09/27 15:57:31 publicadas 650122 líneas (5000 ev/s)
2026/09/27 15:57:36 publicadas 675127 líneas (5000 ev/s)
2026/09/27 15:57:41 publicadas 700130 líneas (5000 ev/s)
2026/09/27 15:57:46 publicadas 725139 líneas (5000 ev/s)
2026/09/27 15:57:51 publicadas 750146 líneas (5000 ev/s)
2026/09/27 15:57:56 publicadas 775148 líneas (5000 ev/s)
2026/09/27 15:58:01 publicadas 800148 líneas (5000 ev/s)
2026/09/27 15:58:06 publicadas 825149 líneas (5000 ev/s)
2026/09/27 15:58:11 publicadas 850155 líneas (5000 ev/s)
2026/09/27 15:58:16 publicadas 875156 líneas (5000 ev/s)
2026/09/27 15:58:21 publicadas 900159 líneas (5000 ev/s)
2026/09/27 15:58:26 publicadas 925161 líneas (5000 ev/s)
2026/09/27 15:58:31 publicadas 950167 líneas (5000 ev/s)
2026/09/27 15:58:36 publicadas 975167 líneas (5000 ev/s)

=== PRODUCTOR ===
líneas publicadas:      1000000
PubAck confirmados:     1000001 (incluye EOF)
reintentos del prod.:   0
descartados por broker: 0 (Nats-Msg-Id repetido = reintento del productor)
fallidos definitivos:   0
tiempo:                 3m20.001s
throughput publicación: 5000 ev/s
