2026/09/27 15:59:32 consumidor listo (shards=8, ventana=5m0s/10 gen, retención garantizada=4m30s); esperando eventos...
2026/09/27 15:59:37 recibidos=191599 procesados=191599 (38320 ev/s) ventana=182832 llaves heap=12 MiB inválidos=0
2026/09/27 15:59:42 recibidos=391590 procesados=391590 (39998 ev/s) ventana=374479 llaves heap=29 MiB inválidos=0
2026/09/27 15:59:47 recibidos=591603 procesados=591603 (40003 ev/s) ventana=569198 llaves heap=40 MiB inválidos=0
2026/09/27 15:59:52 recibidos=791590 procesados=791590 (39997 ev/s) ventana=763947 llaves heap=46 MiB inválidos=0
2026/09/27 15:59:57 recibidos=991584 procesados=991584 (39999 ev/s) ventana=958901 llaves heap=73 MiB inválidos=0

=== CONSUMIDOR: AGREGADO FINAL ===
país      órdenes      órdenes USD        pagos        pagos USD   inventario
MX          76877       4745197.43        65358       4044006.56        52356
AR          76948       4749589.48        65419       4047345.20        52354
CO          76243       4730101.46        64688       4027546.65        51741
CL          76940       4735584.90        65138       4015047.25        52095
PE          76943       4740991.66        65261       4010602.91        52017
TOTAL      383951      23701464.93       325864      20144548.57       260563

=== CONTEO ===
líneas esperadas (EOF):     1000000
primeras entregas:          1000000
eventos únicos aplicados:   970378
duplicados descartados:     29622
re-entregas del broker:     0 (descartadas por la ventana: 0)
inválidos:                  0
acks enviados (AckAll):     2503
retraso de reintentos:      min=2s max=179s media=90.6s fuera de [2,180)s=0

=== RENDIMIENTO ===
throughput consumidor:      40002 ev/s (25.00s, primer recibido -> último aplicado)
throughput end-to-end:      39999 ev/s (25.00s, primer publicado -> último aplicado)
latencia e2e (publicado -> aplicado): p50=1.05ms p95=2.44ms p99=10.53ms max=33.74ms (n=1000000)
heap pico: 73 MiB; ventana final: 970378 llaves, 0 expulsiones prematuras

=== CHEQUEOS ===
[OK] aggregate_total == unique_applied
[OK] no_premature_evictions
[OK] no_loss: first_deliveries == expected_lines
[OK] accounting: unique + duplicates + invalid == first_deliveries

reporte: results\bench\consumer-20260927-155957.json
heap profile: results\bench\heap-20260927-155957.pb.gz
