2026/09/27 15:59:58 consumidor listo (shards=8, ventana=5m0s/10 gen, retención garantizada=4m30s); esperando eventos...
2026/09/27 16:00:03 recibidos=287425 procesados=287424 (57485 ev/s) ventana=274099 llaves heap=24 MiB inválidos=0
2026/09/27 16:00:08 recibidos=587384 procesados=587384 (59992 ev/s) ventana=566220 llaves heap=33 MiB inválidos=0
2026/09/27 16:00:13 recibidos=887413 procesados=887411 (60005 ev/s) ventana=857432 llaves heap=37 MiB inválidos=0

=== CONSUMIDOR: AGREGADO FINAL ===
país      órdenes      órdenes USD        pagos        pagos USD   inventario
MX          76877       4745197.43        65358       4044006.56        52356
AR          76948       4749589.48        65419       4047345.20        52354
CO          76243       4730101.46        64688       4027546.65        51741
CL          76940       4735584.90        65138       4015047.25        52095
PE          76943       4740991.66        65261       4010602.91        52017
TOTAL      383951      23701464.93       325864      20144548.57       260563

=== CONTEO ===
líneas esperadas (EOF):     1000000
primeras entregas:          1000000
eventos únicos aplicados:   970378
duplicados descartados:     29622
re-entregas del broker:     0 (descartadas por la ventana: 0)
inválidos:                  0
acks enviados (AckAll):     1680
retraso de reintentos:      min=2s max=179s media=90.6s fuera de [2,180)s=0

=== RENDIMIENTO ===
throughput consumidor:      60001 ev/s (16.67s, primer recibido -> último aplicado)
throughput end-to-end:      59996 ev/s (16.67s, primer publicado -> último aplicado)
latencia e2e (publicado -> aplicado): p50=1.57ms p95=10.49ms p99=22.75ms max=58.33ms (n=1000000)
heap pico: 67 MiB; ventana final: 970378 llaves, 0 expulsiones prematuras

=== CHEQUEOS ===
[OK] no_loss: first_deliveries == expected_lines
[OK] accounting: unique + duplicates + invalid == first_deliveries
[OK] aggregate_total == unique_applied
[OK] no_premature_evictions

reporte: results\bench\consumer-20260927-160014.json
heap profile: results\bench\heap-20260927-160014.pb.gz
