2026/09/27 15:55:20 consumidor listo (shards=8, ventana=5m0s/10 gen, retención garantizada=4m30s); esperando eventos...
2026/09/27 15:55:25 recibidos=21063 procesados=21063 (4213 ev/s) ventana=15925 llaves heap=4 MiB inválidos=0
2026/09/27 15:55:30 recibidos=46063 procesados=46063 (5000 ev/s) ventana=39774 llaves heap=4 MiB inválidos=0
2026/09/27 15:55:35 recibidos=71060 procesados=71060 (4999 ev/s) ventana=63636 llaves heap=7 MiB inválidos=0
2026/09/27 15:55:40 recibidos=96062 procesados=96062 (5000 ev/s) ventana=87467 llaves heap=7 MiB inválidos=0
2026/09/27 15:55:45 recibidos=121059 procesados=121059 (4999 ev/s) ventana=111319 llaves heap=13 MiB inválidos=0
2026/09/27 15:55:50 recibidos=146063 procesados=146055 (4999 ev/s) ventana=135170 llaves heap=15 MiB inválidos=0
2026/09/27 15:55:55 recibidos=171061 procesados=171061 (5001 ev/s) ventana=158989 llaves heap=15 MiB inválidos=0
2026/09/27 15:56:00 recibidos=196056 procesados=196056 (4999 ev/s) ventana=184820 llaves heap=20 MiB inválidos=0
2026/09/27 15:56:05 recibidos=221060 procesados=221060 (5001 ev/s) ventana=210616 llaves heap=23 MiB inválidos=0
2026/09/27 15:56:10 recibidos=246062 procesados=246062 (5000 ev/s) ventana=234420 llaves heap=25 MiB inválidos=0
2026/09/27 15:56:15 recibidos=271060 procesados=271060 (5000 ev/s) ventana=259211 llaves heap=26 MiB inválidos=0
2026/09/27 15:56:20 recibidos=296066 procesados=296059 (5000 ev/s) ventana=284035 llaves heap=29 MiB inválidos=0
2026/09/27 15:56:25 recibidos=321063 procesados=321063 (5001 ev/s) ventana=308886 llaves heap=27 MiB inválidos=0
2026/09/27 15:56:30 recibidos=346059 procesados=346059 (4999 ev/s) ventana=332749 llaves heap=26 MiB inválidos=0
2026/09/27 15:56:35 recibidos=371059 procesados=371059 (5000 ev/s) ventana=356581 llaves heap=26 MiB inválidos=0
2026/09/27 15:56:40 recibidos=396061 procesados=396059 (5000 ev/s) ventana=381445 llaves heap=40 MiB inválidos=0
2026/09/27 15:56:45 recibidos=421060 procesados=421060 (5000 ev/s) ventana=405270 llaves heap=35 MiB inválidos=0
2026/09/27 15:56:50 recibidos=446062 procesados=446062 (5000 ev/s) ventana=429080 llaves heap=34 MiB inválidos=0
2026/09/27 15:56:55 recibidos=471063 procesados=471063 (5000 ev/s) ventana=452932 llaves heap=29 MiB inválidos=0
2026/09/27 15:57:00 recibidos=496065 procesados=496065 (5000 ev/s) ventana=477745 llaves heap=30 MiB inválidos=0
2026/09/27 15:57:05 recibidos=521063 procesados=521063 (5000 ev/s) ventana=501613 llaves heap=33 MiB inválidos=0
2026/09/27 15:57:10 recibidos=546064 procesados=546064 (5000 ev/s) ventana=525514 llaves heap=35 MiB inválidos=0
2026/09/27 15:57:15 recibidos=571065 procesados=571065 (5000 ev/s) ventana=550302 llaves heap=44 MiB inválidos=0
2026/09/27 15:57:20 recibidos=596062 procesados=596062 (4999 ev/s) ventana=574145 llaves heap=44 MiB inválidos=0
2026/09/27 15:57:25 recibidos=621061 procesados=621061 (5000 ev/s) ventana=597999 llaves heap=50 MiB inválidos=0
2026/09/27 15:57:30 recibidos=646061 procesados=646061 (5000 ev/s) ventana=621788 llaves heap=40 MiB inválidos=0
2026/09/27 15:57:35 recibidos=671064 procesados=671064 (5001 ev/s) ventana=645680 llaves heap=61 MiB inválidos=0
2026/09/27 15:57:40 recibidos=696060 procesados=696060 (4999 ev/s) ventana=670539 llaves heap=51 MiB inválidos=0
2026/09/27 15:57:45 recibidos=721060 procesados=721060 (5000 ev/s) ventana=695354 llaves heap=49 MiB inválidos=0
2026/09/27 15:57:50 recibidos=746060 procesados=746060 (5000 ev/s) ventana=720175 llaves heap=37 MiB inválidos=0
2026/09/27 15:57:55 recibidos=771066 procesados=771066 (5001 ev/s) ventana=745070 llaves heap=68 MiB inválidos=0
2026/09/27 15:58:00 recibidos=796062 procesados=796062 (4999 ev/s) ventana=768914 llaves heap=45 MiB inválidos=0
2026/09/27 15:58:05 recibidos=821062 procesados=821062 (5000 ev/s) ventana=792804 llaves heap=60 MiB inválidos=0
2026/09/27 15:58:10 recibidos=846062 procesados=846062 (5000 ev/s) ventana=817644 llaves heap=75 MiB inválidos=0
2026/09/27 15:58:15 recibidos=871051 procesados=871051 (4998 ev/s) ventana=841524 llaves heap=52 MiB inválidos=0
2026/09/27 15:58:20 recibidos=896061 procesados=896061 (5002 ev/s) ventana=865389 llaves heap=76 MiB inválidos=0
2026/09/27 15:58:25 recibidos=921058 procesados=921058 (4999 ev/s) ventana=889252 llaves heap=60 MiB inválidos=0
2026/09/27 15:58:30 recibidos=946063 procesados=946063 (5001 ev/s) ventana=915116 llaves heap=68 MiB inválidos=0
2026/09/27 15:58:35 recibidos=971043 procesados=971043 (4996 ev/s) ventana=939010 llaves heap=77 MiB inválidos=0
2026/09/27 15:58:40 recibidos=996063 procesados=996063 (5004 ev/s) ventana=962867 llaves heap=85 MiB inválidos=0

=== CONSUMIDOR: AGREGADO FINAL ===
país      órdenes      órdenes USD        pagos        pagos USD   inventario
MX          76877       4745197.43        65358       4044006.56        52356
AR          76948       4749589.48        65419       4047345.20        52354
CO          76243       4730101.46        64688       4027546.65        51741
CL          76940       4735584.90        65138       4015047.25        52095
PE          76943       4740991.66        65261       4010602.91        52017
TOTAL      383951      23701464.93       325864      20144548.57       260563

=== CONTEO ===
líneas esperadas (EOF):     1000000
primeras entregas:          1000000
eventos únicos aplicados:   970378
duplicados descartados:     29622
re-entregas del broker:     0 (descartadas por la ventana: 0)
inválidos:                  0
acks enviados (AckAll):     19982
retraso de reintentos:      min=2s max=179s media=90.6s fuera de [2,180)s=0

=== RENDIMIENTO ===
throughput consumidor:      5000 ev/s (200.00s, primer recibido -> último aplicado)
throughput end-to-end:      5000 ev/s (200.00s, primer publicado -> último aplicado)
latencia e2e (publicado -> aplicado): p50=0.54ms p95=0.64ms p99=1.07ms max=168.91ms (n=1000000)
heap pico: 92 MiB; ventana final: 970378 llaves, 0 expulsiones prematuras

=== CHEQUEOS ===
[OK] no_loss: first_deliveries == expected_lines
[OK] accounting: unique + duplicates + invalid == first_deliveries
[OK] aggregate_total == unique_applied
[OK] no_premature_evictions

reporte: results\bench\consumer-20260927-155841.json
heap profile: results\bench\heap-20260927-155841.pb.gz
