2026/09/27 23:13:15 consumidor listo (shards=8, ventana=5m0s/10 gen, retención garantizada=4m30s); esperando eventos...
2026/09/27 23:13:20 recibidos=74394 procesados=74392 (14878 ev/s) ventana=70583 llaves heap=8 MiB inválidos=0
2026/09/27 23:13:24 recibidos=194693 procesados=194686 (24059 ev/s) ventana=182832 llaves heap=11 MiB inválidos=0
2026/09/27 23:13:29 recibidos=323972 procesados=323942 (25851 ev/s) ventana=309881 llaves heap=22 MiB inválidos=0
2026/09/27 23:13:40 recibidos=450080 procesados=450065 (25225 ev/s) ventana=433064 llaves heap=29 MiB inválidos=0
2026/09/27 23:13:38 recibidos=573546 procesados=573527 (24692 ev/s) ventana=553273 llaves heap=32 MiB inválidos=0
2026/09/27 23:13:42 recibidos=687196 procesados=687186 (22732 ev/s) ventana=661592 llaves heap=44 MiB inválidos=0
2026/09/27 23:13:47 recibidos=801879 procesados=801879 (22939 ev/s) ventana=772903 llaves heap=80 MiB inválidos=0
2026/09/27 23:13:52 recibidos=914815 procesados=914814 (22587 ev/s) ventana=883278 llaves heap=96 MiB inválidos=0
2026/09/27 23:13:56 recibidos=1039504 procesados=1039496 (24936 ev/s) ventana=1004611 llaves heap=69 MiB inválidos=0
2026/09/27 23:14:01 recibidos=1165228 procesados=1165225 (25146 ev/s) ventana=1125875 llaves heap=58 MiB inválidos=0
2026/09/27 23:14:05 recibidos=1292479 procesados=1292475 (25450 ev/s) ventana=1251122 llaves heap=78 MiB inválidos=0
2026/09/27 23:14:10 recibidos=1418773 procesados=1418761 (25257 ev/s) ventana=1372303 llaves heap=100 MiB inválidos=0
2026/09/27 23:14:14 recibidos=1542548 procesados=1542547 (24757 ev/s) ventana=1493604 llaves heap=96 MiB inválidos=0
2026/09/27 23:14:19 recibidos=1667626 procesados=1667622 (25015 ev/s) ventana=1612890 llaves heap=146 MiB inválidos=0
2026/09/27 23:14:24 recibidos=1787983 procesados=1787981 (24072 ev/s) ventana=1731245 llaves heap=132 MiB inválidos=0
2026/09/27 23:14:28 recibidos=1911560 procesados=1911559 (24716 ev/s) ventana=1850546 llaves heap=92 MiB inválidos=0
2026/09/27 23:14:33 recibidos=2025061 procesados=2025048 (22698 ev/s) ventana=1961849 llaves heap=107 MiB inválidos=0
2026/09/27 23:14:37 recibidos=2149169 procesados=2149135 (24817 ev/s) ventana=2082203 llaves heap=148 MiB inválidos=0
2026/09/27 23:14:42 recibidos=2271917 procesados=2271916 (24556 ev/s) ventana=2201577 llaves heap=204 MiB inválidos=0
2026/09/27 23:14:46 recibidos=2381307 procesados=2381305 (21878 ev/s) ventana=2307970 llaves heap=135 MiB inválidos=0
2026/09/27 23:14:51 recibidos=2503489 procesados=2503489 (24437 ev/s) ventana=2426353 llaves heap=196 MiB inválidos=0
2026/09/27 23:14:55 recibidos=2616130 procesados=2616129 (22528 ev/s) ventana=2534741 llaves heap=133 MiB inválidos=0
2026/09/27 23:15:00 recibidos=2727642 procesados=2727641 (22302 ev/s) ventana=2644005 llaves heap=171 MiB inválidos=0
2026/09/27 23:15:04 recibidos=2842674 procesados=2842661 (23004 ev/s) ventana=2755400 llaves heap=144 MiB inválidos=0
2026/09/27 23:15:09 recibidos=2954434 procesados=2954433 (22354 ev/s) ventana=2864796 llaves heap=187 MiB inválidos=0
2026/09/27 23:15:14 recibidos=3073220 procesados=3073216 (23757 ev/s) ventana=2978008 llaves heap=187 MiB inválidos=0

=== CONSUMIDOR: AGREGADO FINAL ===
país      órdenes      órdenes USD        pagos        pagos USD   inventario
MX         240412      14825927.68       204568      12609231.78       163894
AR         240836      14845476.11       204495      12612236.36       163768
CO         238820      14722007.35       203176      12540964.70       162489
CL         239995      14771085.04       203717      12523200.88       162838
PE         239937      14808124.43       203642      12559792.34       162601
TOTAL     1200000      73972620.61      1019598      62845426.06       815590

=== CONTEO ===
líneas esperadas (EOF):     3126750
primeras entregas:          3126750
eventos únicos aplicados:   3035188
duplicados descartados:     91562
re-entregas del broker:     0 (descartadas por la ventana: 0)
inválidos:                  0
acks enviados (AckAll):     13048
retraso de reintentos:      min=2s max=179s media=90.4s fuera de [2,180)s=0

=== RENDIMIENTO ===
throughput consumidor:      26239 ev/s (119.17s, primer recibido -> último aplicado)
throughput end-to-end:      26238 ev/s (119.17s, primer publicado -> último aplicado)
latencia e2e (publicado -> aplicado): p50=0.79ms p95=1.79ms p99=14.84ms max=7029.98ms (n=3126750)
heap pico: 250 MiB; ventana final: 3035188 llaves, 0 expulsiones prematuras

=== CHEQUEOS ===
[OK] no_loss: first_deliveries == expected_lines
[OK] accounting: unique + duplicates + invalid == first_deliveries
[OK] aggregate_total == unique_applied
[OK] no_premature_evictions

reporte: results/race/full/consumer-20260927-231515.json
heap profile: results/race/full/heap-20260927-231515.pb.gz
