2026/09/27 23:13:21 publicadas 97604 líneas (19514 ev/s)
2026/09/27 23:13:25 publicadas 226721 líneas (22667 ev/s)
2026/09/27 23:13:30 publicadas 353160 líneas (23540 ev/s)
2026/09/27 23:13:34 publicadas 479664 líneas (23980 ev/s)
2026/09/27 23:13:39 publicadas 603357 líneas (24132 ev/s)
2026/09/27 23:13:43 publicadas 713470 líneas (23779 ev/s)
2026/09/27 23:13:48 publicadas 830999 líneas (23740 ev/s)
2026/09/27 23:13:53 publicadas 943535 líneas (23586 ev/s)
2026/09/27 23:13:57 publicadas 1069089 líneas (23756 ev/s)
2026/09/27 23:14:02 publicadas 1196589 líneas (23930 ev/s)
2026/09/27 23:14:06 publicadas 1323032 líneas (24053 ev/s)
2026/09/27 23:14:11 publicadas 1449082 líneas (24150 ev/s)
2026/09/27 23:14:15 publicadas 1573216 líneas (24202 ev/s)
2026/09/27 23:14:20 publicadas 1695654 líneas (24222 ev/s)
2026/09/27 23:14:24 publicadas 1816971 líneas (24225 ev/s)
2026/09/27 23:14:29 publicadas 1938403 líneas (24229 ev/s)
2026/09/27 23:14:33 publicadas 2053738 líneas (24160 ev/s)
2026/09/27 23:14:38 publicadas 2178228 líneas (24201 ev/s)
2026/09/27 23:14:43 publicadas 2299741 líneas (24207 ev/s)
2026/09/27 23:14:47 publicadas 2410214 líneas (24101 ev/s)
2026/09/27 23:14:52 publicadas 2528969 líneas (24084 ev/s)
2026/09/27 23:14:56 publicadas 2644189 líneas (24037 ev/s)
2026/09/27 23:15:01 publicadas 2755636 líneas (23961 ev/s)
2026/09/27 23:15:05 publicadas 2871987 líneas (23932 ev/s)
2026/09/27 23:15:10 publicadas 2982399 líneas (23858 ev/s)
2026/09/27 23:15:14 publicadas 3101412 líneas (23856 ev/s)

=== PRODUCTOR ===
líneas publicadas:      3126750
PubAck confirmados:     3126751 (incluye EOF)
reintentos del prod.:   0
descartados por broker: 0 (Nats-Msg-Id repetido = reintento del productor)
fallidos definitivos:   0
tiempo:                 2m11.12s
throughput publicación: 23847 ev/s
