2026/09/27 23:12:52 consumidor listo (shards=8, ventana=5m0s/10 gen, retención garantizada=4m30s); esperando eventos...
2026/09/27 23:12:56 recibidos=73937 procesados=73937 (14787 ev/s) ventana=68601 llaves heap=8 MiB inválidos=0
2026/09/27 23:13:01 recibidos=191265 procesados=191261 (23465 ev/s) ventana=182832 llaves heap=15 MiB inválidos=0

=== CONSUMIDOR: AGREGADO FINAL ===
país      órdenes      órdenes USD        pagos        pagos USD   inventario
MX          22897       1413491.80        19460       1206000.29        15648
AR          22968       1416158.52        19542       1205427.78        15618
CO          23060       1420778.88        19582       1213277.96        15588
CL          23213       1425388.60        19658       1209026.83        15795
PE          22860       1415475.94        19485       1202515.13        15588
TOTAL      114998       7091293.74        97727       6036247.99        78237

=== CONTEO ===
líneas esperadas (EOF):     300000
primeras entregas:          300000
eventos únicos aplicados:   290962
duplicados descartados:     9038
re-entregas del broker:     0 (descartadas por la ventana: 0)
inválidos:                  0
acks enviados (AckAll):     1289
retraso de reintentos:      min=2s max=179s media=90.1s fuera de [2,180)s=0

=== RENDIMIENTO ===
throughput consumidor:      25937 ev/s (11.57s, primer recibido -> último aplicado)
throughput end-to-end:      25924 ev/s (11.57s, primer publicado -> último aplicado)
latencia e2e (publicado -> aplicado): p50=0.89ms p95=9.48ms p99=30.07ms max=6599.81ms (n=300000)
heap pico: 24 MiB; ventana final: 290962 llaves, 0 expulsiones prematuras

=== CHEQUEOS ===
[OK] no_loss: first_deliveries == expected_lines
[OK] accounting: unique + duplicates + invalid == first_deliveries
[OK] aggregate_total == unique_applied
[OK] no_premature_evictions

reporte: results/race/consumer-20260927-231304.json
heap profile: results/race/heap-20260927-231304.pb.gz
